debug: nixos_rebuild.process: calling run with args=['nix', '--extra-experimental-features', 'nix-command flakes', 'build', '--print-out-paths', '.#nixosConfigurations."hera".config.system.build.nixos-rebuild', '-v', '--no-link'], kwargs={'stdout': -1}, extra_env=None
evaluating file '<nix/derivation-internal.nix>'
evaluating derivation 'git+file:///home/maxime/nixfiles#nixosConfigurations."hera".config.system.build.nixos-rebuild'...
warning: Git tree '/home/maxime/nixfiles' is dirty
evaluating file '/home/maxime/nixfiles/flake.nix'
evaluating file '/nix/store/z567j0hwxbspxgzf586xz24cid9z7w0x-source/flake.nix'
debug: nixos_rebuild.process: captured output with stdout='/nix/store/g9dnf2f5i82ijnyjsa5466gfjljs21zn-nixos-rebuild-ng-26.05\n', stderr=None
debug: nixos_rebuild.services: detected newer version of script, re-exec'ing, current=/nix/store/5mgwsa4z0fsz3p5mqvcr047anlq0pns3-nixos-rebuild-ng-26.05/bin/nixos-rebuild, new=/nix/store/g9dnf2f5i82ijnyjsa5466gfjljs21zn-nixos-rebuild-ng-26.05/bin/nixos-rebuild
building the system configuration...
debug: nixos_rebuild.process: calling run with args=['nix', '--extra-experimental-features', 'nix-command flakes', 'build', '--print-out-paths', '.#nixosConfigurations."hera".config.system.build.toplevel', '--no-link', '-v'], kwargs={'stdout': -1}, env=None, append_local_env=None
evaluating file '<nix/derivation-internal.nix>'
evaluating derivation 'git+file:///home/maxime/nixfiles#nixosConfigurations."hera".config.system.build.toplevel'...
warning: Git tree '/home/maxime/nixfiles' is dirty
evaluating file '/home/maxime/nixfiles/flake.nix'
evaluating file '/nix/store/z567j0hwxbspxgzf586xz24cid9z7w0x-source/flake.nix'
debug: nixos_rebuild.process: captured output with stdout='/nix/store/mip0bxjds1h0a5w569l8v36rfylmz3qq-nixos-system-hera-26.05.20260318.b40629e\n', stderr=None
debug: nixos_rebuild.process: calling run with args=['test', '-f', PosixPath('/nix/store/mip0bxjds1h0a5w569l8v36rfylmz3qq-nixos-system-hera-26.05.20260318.b40629e/nixos-version')], kwargs={}, env=None, append_local_env=None
debug: nixos_rebuild.process: calling run with args=['nix-env', '-p', PosixPath('/nix/var/nix/profiles/system'), '--set', PosixPath('/nix/store/mip0bxjds1h0a5w569l8v36rfylmz3qq-nixos-system-hera-26.05.20260318.b40629e')], kwargs={}, env=None, append_local_env=None
debug: nixos_rebuild.process: calling run with args=['test', '-d', '/run/systemd/system'], kwargs={}, env=None, append_local_env=None
debug: nixos_rebuild.process: calling Popen with args=['journalctl', '-f', '--unit=nixos-rebuild-switch-to-configuration-63b2718e', '--output=cat']
debug: nixos_rebuild.process: calling run with args=['systemd-run', '-E', 'LOCALE_ARCHIVE', '-E', 'NIXOS_INSTALL_BOOTLOADER', '-E', 'NIXOS_NO_CHECK', '--collect', '--wait', '--no-ask-password', '--quiet', '--service-type=exec', '--unit=nixos-rebuild-switch-to-configuration-63b2718e', PosixPath('/nix/store/mip0bxjds1h0a5w569l8v36rfylmz3qq-nixos-system-hera-26.05.20260318.b40629e/bin/switch-to-configuration'), 'switch'], kwargs={}, env={'LOCALE_ARCHIVE': PRESERVE, 'NIXOS_NO_CHECK': PRESERVE, 'NIXOS_INSTALL_BOOTLOADER': '0'}, append_local_env=None
Traceback (most recent call last):
  File "/nix/store/g9dnf2f5i82ijnyjsa5466gfjljs21zn-nixos-rebuild-ng-26.05/lib/python3.13/site-packages/nixos_rebuild/__init__.py", line 397, in main
    execute(sys.argv)
    ~~~~~~~^^^^^^^^^^
  File "/nix/store/g9dnf2f5i82ijnyjsa5466gfjljs21zn-nixos-rebuild-ng-26.05/lib/python3.13/site-packages/nixos_rebuild/__init__.py", line 360, in execute
    services.build_and_activate_system(
    ~~~~~~~~~~~~~~~~~~~~~~~~~~~~~~~~~~^
        action=action,
        ^^^^^^^^^^^^^^
    ...<6 lines>...
        grouped_nix_args=grouped_nix_args,
        ^^^^^^^^^^^^^^^^^^^^^^^^^^^^^^^^^^
    )
    ^
  File "/nix/store/g9dnf2f5i82ijnyjsa5466gfjljs21zn-nixos-rebuild-ng-26.05/lib/python3.13/site-packages/nixos_rebuild/services.py", line 335, in build_and_activate_system
    _activate_system(
    ~~~~~~~~~~~~~~~~^
        path_to_config=path_to_config,
        ^^^^^^^^^^^^^^^^^^^^^^^^^^^^^^
    ...<6 lines>...
        grouped_nix_args=grouped_nix_args,
        ^^^^^^^^^^^^^^^^^^^^^^^^^^^^^^^^^^
    )
    ^
  File "/nix/store/g9dnf2f5i82ijnyjsa5466gfjljs21zn-nixos-rebuild-ng-26.05/lib/python3.13/site-packages/nixos_rebuild/services.py", line 236, in _activate_system
    nix.switch_to_configuration(
    ~~~~~~~~~~~~~~~~~~~~~~~~~~~^
        path_to_config,
        ^^^^^^^^^^^^^^^
    ...<4 lines>...
        install_bootloader=args.install_bootloader,
        ^^^^^^^^^^^^^^^^^^^^^^^^^^^^^^^^^^^^^^^^^^^
    )
    ^
  File "/nix/store/g9dnf2f5i82ijnyjsa5466gfjljs21zn-nixos-rebuild-ng-26.05/lib/python3.13/site-packages/nixos_rebuild/nix.py", line 763, in switch_to_configuration
    _run_action_with_systemd(
    ~~~~~~~~~~~~~~~~~~~~~~~~^
        action=action,
        ^^^^^^^^^^^^^^
    ...<3 lines>...
        sudo=sudo,
        ^^^^^^^^^^
    )
    ^
  File "/nix/store/g9dnf2f5i82ijnyjsa5466gfjljs21zn-nixos-rebuild-ng-26.05/lib/python3.13/site-packages/nixos_rebuild/nix.py", line 720, in _run_action_with_systemd
    _run_action(
    ~~~~~~~~~~~^
        action=action,
        ^^^^^^^^^^^^^^
    ...<4 lines>...
        prefix=[*SYSTEMD_RUN_CMD_PREFIX, f"--unit={unique_unit_name}"],
        ^^^^^^^^^^^^^^^^^^^^^^^^^^^^^^^^^^^^^^^^^^^^^^^^^^^^^^^^^^^^^^^
    )
    ^
  File "/nix/store/g9dnf2f5i82ijnyjsa5466gfjljs21zn-nixos-rebuild-ng-26.05/lib/python3.13/site-packages/nixos_rebuild/nix.py", line 688, in _run_action
    run_wrapper(
    ~~~~~~~~~~~^
        cmd,
        ^^^^
    ...<6 lines>...
        sudo=sudo,
        ^^^^^^^^^^
    )
    ^
  File "/nix/store/g9dnf2f5i82ijnyjsa5466gfjljs21zn-nixos-rebuild-ng-26.05/lib/python3.13/site-packages/nixos_rebuild/process.py", line 261, in run_wrapper
    r = subprocess.run(
        final_args,
    ...<5 lines>...
        **kwargs,
    )
  File "/nix/store/m1fw8l8y9ycxh5dzispbb7cwl6rra14l-python3-3.13.12/lib/python3.13/subprocess.py", line 577, in run
    raise CalledProcessError(retcode, process.args,
                             output=stdout, stderr=stderr)
subprocess.CalledProcessError: Command '['systemd-run', '-E', 'LOCALE_ARCHIVE', '-E', 'NIXOS_INSTALL_BOOTLOADER', '-E', 'NIXOS_NO_CHECK', '--collect', '--wait', '--no-ask-password', '--quiet', '--service-type=exec', '--unit=nixos-rebuild-switch-to-configuration-63b2718e', PosixPath('/nix/store/mip0bxjds1h0a5w569l8v36rfylmz3qq-nixos-system-hera-26.05.20260318.b40629e/bin/switch-to-configuration'), 'switch']' returned non-zero exit status 1.
